x,y,r,aperture_sum,bkg_mean,bkg_area,flux_sub
12.500000,18.750000,4.000000,1234.567800,12.000000,50.265482,631.382011
